Report End Points: 
-----+-------+------+-------+------+-----+-----+------+--------------+----------------
     |Group  |Launch|Capture|Shift |Delay|Depth|Slack |Begin Point   |End Point       
-----+-------+------+-------+------+-----+-----+------+--------------+----------------
1    |default|sysclk|sysclk |1500.0|205.8|    4|1164.9|State_reg[0]/Q|display_reg[1]/D
2    |default|sysclk|sysclk |1500.0|202.4|    4|1168.3|State_reg[0]/Q|display_reg[2]/D
3    |default|sysclk|sysclk |1500.0|173.9|    3|1185.1|State_reg[0]/Q|out_reg[0]/D    
-----+-------+------+-------+------+-----+-----+------+--------------+----------------
Report End Points: 
-----+-----+--------------+-------+------+-----+-----+-----+-----------+----------------
     |Group|Launch        |Capture|Shift |Delay|Depth|Slack|Begin Point|End Point       
-----+-----+--------------+-------+------+-----+-----+-----+-----------+----------------
1    |I2R  |rtDefaultClock|sysclk |1500.0|198.3|    4|971.0|ST[1]      |display_reg[2]/D
2    |I2R  |rtDefaultClock|sysclk |1500.0|195.8|    4|973.5|ST[1]      |display_reg[0]/D
3    |I2R  |rtDefaultClock|sysclk |1500.0|167.0|    3|991.7|ST[4]      |display_reg[1]/D
-----+-----+--------------+-------+------+-----+-----+-----+-----------+----------------
Report End Points: 
-----+-----+------+-------+-----+-----+-----+-----+-----------+---------
     |Group|Launch|Capture|Shift|Delay|Depth|Slack|Begin Point|End Point
-----+-----+------+-------+-----+-----+-----+-----+-----------+---------
1    |I2O  |      |       |     |     |     |     |           |         
-----+-----+------+-------+-----+-----+-----+-----+-----------+---------
Report End Points: 
-----+-----+------+-------+------+-----+-----+-----+------------+---------
     |Group|Launch|Capture|Shift |Delay|Depth|Slack|Begin Point |End Point
-----+-----+------+-------+------+-----+-----+-----+------------+---------
1    |R2O  |sysclk|vsysclk|1500.0|  0.4|    0|935.6|out_reg[5]/Q|fdoor    
2    |R2O  |sysclk|vsysclk|1500.0|  0.4|    0|935.6|out_reg[4]/Q|rdoor    
3    |R2O  |sysclk|vsysclk|1500.0|  0.4|    0|935.6|out_reg[2]/Q|winbuzz  
-----+-----+------+-------+------+-----+-----+-----+------------+---------
