Report End Points: 
-----+-------+------+-------+------+-----+-----+-----+--------------+----------------
     |Group  |Launch|Capture|Shift |Delay|Depth|Slack|Begin Point   |End Point       
-----+-------+------+-------+------+-----+-----+-----+--------------+----------------
1    |default|sysclk|sysclk |1500.0|350.1|    9|963.9|State_reg[0]/Q|display_reg[1]/D
2    |default|sysclk|sysclk |1500.0|330.9|    8|975.2|State_reg[0]/Q|out_reg[1]/D    
3    |default|sysclk|sysclk |1500.0|338.4|   10|975.9|State_reg[0]/Q|display_reg[2]/D
-----+-------+------+-------+------+-----+-----+-----+--------------+----------------
Report End Points: 
-----+-----+--------------+-------+------+-----+-----+-----+-----------+----------------
     |Group|Launch        |Capture|Shift |Delay|Depth|Slack|Begin Point|End Point       
-----+-----+--------------+-------+------+-----+-----+-----+-----------+----------------
1    |I2R  |rtDefaultClock|sysclk |1500.0|308.1|    8|450.6|ST[2]      |display_reg[1]/D
2    |I2R  |rtDefaultClock|sysclk |1500.0|290.9|    9|471.1|ST[2]      |display_reg[2]/D
3    |I2R  |rtDefaultClock|sysclk |1500.0|258.4|    8|511.2|ST[2]      |display_reg[0]/D
-----+-----+--------------+-------+------+-----+-----+-----+-----------+----------------
Report End Points: 
-----+-----+------+-------+-----+-----+-----+-----+-----------+---------
     |Group|Launch|Capture|Shift|Delay|Depth|Slack|Begin Point|End Point
-----+-----+------+-------+-----+-----+-----+-----+-----------+---------
1    |I2O  |      |       |     |     |     |     |           |         
-----+-----+------+-------+-----+-----+-----+-----+-----------+---------
Report End Points: 
-----+-----+------+-------+------+-----+-----+-----+------------+---------
     |Group|Launch|Capture|Shift |Delay|Depth|Slack|Begin Point |End Point
-----+-----+------+-------+------+-----+-----+-----+------------+---------
1    |R2O  |sysclk|vsysclk|1500.0|  0.4|    0|935.0|out_reg[5]/Q|fdoor    
2    |R2O  |sysclk|vsysclk|1500.0|  0.4|    0|935.0|out_reg[4]/Q|rdoor    
3    |R2O  |sysclk|vsysclk|1500.0|  0.4|    0|935.0|out_reg[2]/Q|winbuzz  
-----+-----+------+-------+------+-----+-----+-----+------------+---------
