Report for group default
------------------------------------------------------------------------------------------------------------------------------------------------------------
Startpoint: State_reg[0]/Q
    (Clocked by sysclk R)
Endpoint: display_reg[1]/D
    (Clocked by sysclk R)
Path Group: default
Data required time: 1469.3
    (Clock shift: 1500.0, minus Uncertainty: 0.0, plus Latency 0.0, minus Setup time: 30.7)
Data arrival time: 505.4
Slack: 963.9
Logic depth: 9
------------------------------------------------------------------------------------------------------------------------------------------------------------
                                                     Arrival               Arc      Net               Net    Total   fan-                                   
Path                     Module/Cell           Edge     Time    Delay    Delay    Delay     Slew     Load     Load    out     Location Power Domain      (V)
                                                        (ps)     (ps)     (ps)     (ps)     (ps)     (ff)     (ff)    (#)      (um,um)                      
------------------------------------------------------------------------------------------------------------------------------------------------------------
Clk                      {create_clock}           r      0.0      0.0      0.0                        0.0      0.0     13    38,    0                       
State_reg[0]/CK->Q       DFF_X1*                 rr    155.3    155.3    155.3      0.0      0.0      4.2     49.9      6    38,   38  /PD_TOP        (1.10)
i_0_0_75/A->ZN           INV_X8                  rf    165.5     10.2     10.1      0.1     15.3      2.2     14.8      3    38,   38  /PD_TOP        (1.10)
i_0_0_68/B2->ZN          OAI22_X4                fr    215.0     49.5     49.5      0.0      4.6      2.3     10.6      3    38,   38  /PD_TOP        (1.10)
i_0_0_65/A->ZN           AOI21_X4                rf    235.8     20.8     20.8      0.0     38.0      1.4      7.7      2    38,   38  /PD_TOP        (1.10)
i_0_0_62/A->ZN           AOI211_X4               fr    353.9    118.1    118.1      0.0      9.1      2.3     14.4      3    38,   38  /PD_TOP        (1.10)
i_0_0_53/B2->ZN          AOI21_X4*               rf    384.3     30.4     30.4      0.0     12.3      1.3     30.6      2    38,   38  /PD_TOP        (1.10)
i_0_0_52/A->ZN           INV_X8                  fr    396.9     12.6     12.6      0.0     15.3      0.6      4.5      1    38,   38  /PD_TOP        (1.10)
i_0_0_29/A->ZN           AOI21_X4                rf    408.9     12.0     12.0      0.0      5.4      1.6      8.2      2    38,   38  /PD_TOP        (1.10)
i_0_0_28/C2->ZN          AOI221_X2               fr    472.2     63.3     63.3      0.0      9.3      1.6      4.9      2    38,   38  /PD_TOP        (1.10)
i_0_0_23/A3->ZN          OR3_X4                  rr    505.4     33.2     33.2      0.0     50.4      0.7      1.9      1    38,   38  /PD_TOP        (1.10)
display_reg[1]/D         DFF_X1                   r    505.4      0.0               0.0      5.8                             38,   38  /PD_TOP        (1.10)
------------------------------------------------------------------------------------------------------------------------------------------------------------
Report for group I2R
------------------------------------------------------------------------------------------------------------------------------------------------------------
Startpoint: ST[2]
    (Clocked by rtDefaultClock R)
Endpoint: display_reg[1]/D
    (Clocked by sysclk R)
Path Group: I2R
Data required time: 1458.7
    (Clock shift: 1500.0, minus Uncertainty: 0.0, plus Latency 0.0, minus Setup time: 41.3)
Data arrival time: 1008.1
Slack: 450.6
Logic depth: 8
------------------------------------------------------------------------------------------------------------------------------------------------------------
                                                     Arrival               Arc      Net               Net    Total   fan-                                   
Path                     Module/Cell           Edge     Time    Delay    Delay    Delay     Slew     Load     Load    out     Location Power Domain      (V)
                                                        (ps)     (ps)     (ps)     (ps)     (ps)     (ff)     (ff)    (#)      (um,um)                      
------------------------------------------------------------------------------------------------------------------------------------------------------------
ST[2]                    {set_input_delay}        f    700.0    700.0    700.0                        5.6     11.7      2    38,    0                       
i_0_0_44/A2->ZN          OR3_X4                  ff    801.8    101.8    101.4      0.4    100.0      0.7      5.1      1    38,   38  /PD_TOP        (1.10)
i_0_0_43/A3->ZN          NAND3_X4                fr    823.9     22.1     22.1      0.0     12.1      0.7      4.6      1    38,   38  /PD_TOP        (1.10)
i_0_0_42/A2->ZN          NAND2_X4                rf    845.4     21.5     21.5      0.0     12.3      2.8     17.1      4    38,   38  /PD_TOP        (1.10)
i_0_0_41/A2->ZN          NAND2_X4                fr    867.3     21.9     21.8      0.1     12.1      1.3      9.9      2    38,   38  /PD_TOP        (1.10)
i_0_0_39/A2->ZN          NOR2_X4                 rf    881.6     14.3     14.3      0.0     12.4      2.3     13.7      3    38,   38  /PD_TOP        (1.10)
i_0_0_29/B1->ZN          AOI21_X4                fr    912.3     30.7     30.7      0.0      7.8      1.6      8.2      2    38,   38  /PD_TOP        (1.10)
i_0_0_28/C2->ZN          AOI221_X2               rf    935.0     22.7     22.7      0.0     26.2      1.6      4.9      2    38,   38  /PD_TOP        (1.10)
i_0_0_23/A3->ZN          OR3_X4                  ff   1008.1     73.1     73.1      0.0     16.5      0.7      1.9      1    38,   38  /PD_TOP        (1.10)
display_reg[1]/D         DFF_X1                   f   1008.1      0.0               0.0     11.1                             38,   38  /PD_TOP        (1.10)
------------------------------------------------------------------------------------------------------------------------------------------------------------
Report for group I2O
Report for group R2O
------------------------------------------------------------------------------------------------------------------------------------------------------------
Startpoint: out_reg[5]/Q
    (Clocked by sysclk R)
Endpoint: fdoor
    (Clocked by vsysclk R)
Path Group: R2O
Data required time: 1050.0
    (Clock shift: 1500.0, minus Uncertainty: 0.0, plus Latency 0.0, minus Out delay: 450.0)
Data arrival time: 115.0
Slack: 935.0
Logic depth: 0
------------------------------------------------------------------------------------------------------------------------------------------------------------
                                                     Arrival               Arc      Net               Net    Total   fan-                                   
Path                     Module/Cell           Edge     Time    Delay    Delay    Delay     Slew     Load     Load    out     Location Power Domain      (V)
                                                        (ps)     (ps)     (ps)     (ps)     (ps)     (ff)     (ff)    (#)      (um,um)                      
------------------------------------------------------------------------------------------------------------------------------------------------------------
Clk                      {create_clock}           r      0.0      0.0      0.0                        0.0      0.0     13    38,    0                       
out_reg[5]/CK->Q         DFF_X1                  rr    114.6    114.6    114.6      0.0      0.0      5.0     15.0      1    38,   38  /PD_TOP        (1.10)
fdoor                                             r    115.0      0.4               0.4     37.0                             76,   37                       
------------------------------------------------------------------------------------------------------------------------------------------------------------
