Report Physical info: 
------------------------+-------------+-----------+------------
                        |             |Area (squm)|Leakage (uW)
------------------------+-------------+-----------+------------
Design Name             |integ        |           |            
  Total Instances       |           93|        139|       2.882
    Macros              |            0|          0|       0.000
    Pads                |            0|          0|       0.000
    Phys                |            0|          0|       0.000
    Blackboxes          |            0|          0|       0.000
    Cells               |           93|        139|       2.882
      Buffers           |            0|          0|       0.000
      Inverters         |           21|         11|       0.301
      Clock-Gates       |            0|          0|       0.000
      Combinational     |           59|         69|       1.552
      Latches           |            0|          0|       0.000
      FlipFlops         |           13|         59|       1.028
       Single-Bit FF    |           13|         59|       1.028
       Multi-Bit FF     |            0|          0|       0.000
       Clock-Gated      |            0|           |            
       Bits             |           13|         59|       1.028
         Load-Enabled   |            0|           |            
         Clock-Gated    |            0|           |            
  Tristate Pin Count    |            0|           |            
Physical Info           |Placed       |           |            
  Chip Size (mm x mm)   |0.076 x 0.076|       5775|            
  Fixed Cell Area       |             |          0|            
    Phys Only           |            0|          0|            
  Placeable Area        |             |        246|            
  Movable Cell Area     |             |        139|            
  Utilization (%)       |           56|           |            
  Chip Utilization (%)  |           56|           |            
  Total Wire Length (mm)|        0.842|           |            
  Longest Wire (mm)     |        0.039|           |            
  Average Wire (mm)     |        0.038|           |            
------------------------+-------------+-----------+------------
