Report End Points: 
-----+-------+------+-------+------+-----+-----+------+--------------+------------
     |Group  |Launch|Capture|Shift |Delay|Depth|Slack |Begin Point   |End Point   
-----+-------+------+-------+------+-----+-----+------+--------------+------------
1    |default|sysclk|sysclk |2000.0|479.1|    8|1331.6|State_reg[0]/Q|out_reg[5]/D
2    |default|sysclk|sysclk |2000.0|480.7|    8|1333.6|State_reg[0]/Q|out_reg[1]/D
3    |default|sysclk|sysclk |2000.0|480.7|    8|1333.6|State_reg[0]/Q|out_reg[0]/D
-----+-------+------+-------+------+-----+-----+------+--------------+------------
Report End Points: 
-----+-----+--------------+-------+------+-----+-----+-----+-----------+----------------
     |Group|Launch        |Capture|Shift |Delay|Depth|Slack|Begin Point|End Point       
-----+-----+--------------+-------+------+-----+-----+-----+-----------+----------------
1    |I2R  |rtDefaultClock|sysclk |1000.0|253.0|    7| 15.0|ST[0]      |display_reg[1]/D
2    |I2R  |rtDefaultClock|sysclk |1000.0|244.2|    7| 22.6|ST[4]      |display_reg[0]/D
3    |I2R  |rtDefaultClock|sysclk |1000.0|242.8|    7| 26.8|ST[0]      |out_reg[4]/D    
-----+-----+--------------+-------+------+-----+-----+-----+-----------+----------------
Report End Points: 
-----+-----+------+-------+-----+-----+-----+-----+-----------+---------
     |Group|Launch|Capture|Shift|Delay|Depth|Slack|Begin Point|End Point
-----+-----+------+-------+-----+-----+-----+-----+-----------+---------
1    |I2O  |      |       |     |     |     |     |           |         
-----+-----+------+-------+-----+-----+-----+-----+-----------+---------
Report End Points: 
-----+-----+------+-------+------+-----+-----+-----+------------+---------
     |Group|Launch|Capture|Shift |Delay|Depth|Slack|Begin Point |End Point
-----+-----+------+-------+------+-----+-----+-----+------------+---------
1    |R2O  |sysclk|vsysclk|1000.0|  0.4|    0|584.9|out_reg[5]/Q|fdoor    
2    |R2O  |sysclk|vsysclk|1000.0|  0.4|    0|584.9|out_reg[4]/Q|rdoor    
3    |R2O  |sysclk|vsysclk|1000.0|  0.4|    0|584.9|out_reg[3]/Q|alarmbuzz
-----+-----+------+-------+------+-----+-----+-----+------------+---------
