Report for group default
------------------------------------------------------------------------------------------------------------------------------------------------------------
Startpoint: State_reg[0]/Q
    (Clocked by sysclk F)
Endpoint: out_reg[5]/D
    (Clocked by sysclk F)
Path Group: default
Data required time: 1966.0
    (Clock shift: 2000.0, minus Uncertainty: 0.0, plus Latency 0.0, minus Setup time: 34.0)
Data arrival time: 634.4
Slack: 1331.6
Logic depth: 8
------------------------------------------------------------------------------------------------------------------------------------------------------------
                                                     Arrival               Arc      Net               Net    Total   fan-                                   
Path                     Module/Cell           Edge     Time    Delay    Delay    Delay     Slew     Load     Load    out     Location Power Domain      (V)
                                                        (ps)     (ps)     (ps)     (ps)     (ps)     (ff)     (ff)    (#)      (um,um)                      
------------------------------------------------------------------------------------------------------------------------------------------------------------
Clk                      {create_clock}           f      0.0      0.0      0.0                        0.0      0.0      1    37,    0                       
i_0_0_0/A->ZN            INV_X1                  fr      0.0      0.0      0.0      0.0      0.0      0.0      0.0     13    38,   38  /PD_TOP        (1.10)
State_reg[0]/CK->Q       DFF_X1*                 rr    155.3    155.3    155.3      0.0      0.0      4.2     49.9      6    38,   38  /PD_TOP        (1.10)
i_0_1_19/B2->ZN          OAI21_X4                rf    175.3     20.0     19.9      0.1     15.3      1.6      7.1      2    38,   38  /PD_TOP        (1.10)
i_0_1_17/B2->ZN          OAI33_X1*               fr    466.1    290.8    290.8      0.0     10.6      1.4     52.3      2    38,   38  /PD_TOP        (1.10)
i_0_1_88/A->ZN           INV_X8                  rf    473.2      7.1      7.1      0.0     15.3      0.6      4.8      1    38,   38  /PD_TOP        (1.10)
i_0_1_87/B2->ZN          AOI21_X4                fr    521.2     48.0     48.0      0.0      3.5      3.1     19.0      4    38,   38  /PD_TOP        (1.10)
i_0_1_13/A2->ZN          NAND4_X4                rf    580.0     58.8     58.7      0.1     38.9      0.7     26.2      1    38,   38  /PD_TOP        (1.10)
i_0_1_12/A->ZN           INV_X8                  fr    597.4     17.4     17.4      0.0     33.9      0.6      4.7      1    38,   38  /PD_TOP        (1.10)
i_0_1_11/B2->ZN          OAI21_X4                rf    612.0     14.6     14.6      0.0      5.4      0.7      4.8      1    38,   38  /PD_TOP        (1.10)
i_0_1_10/B1->ZN          AOI21_X2                fr    634.4     22.4     22.4      0.0      9.6      0.7      1.9      1    38,   38  /PD_TOP        (1.10)
out_reg[5]/D             DFF_X1                   r    634.4      0.0               0.0     17.8                             38,   38  /PD_TOP        (1.10)
------------------------------------------------------------------------------------------------------------------------------------------------------------
Report for group I2R
------------------------------------------------------------------------------------------------------------------------------------------------------------
Startpoint: ST[0]
    (Clocked by rtDefaultClock R)
Endpoint: display_reg[1]/D
    (Clocked by sysclk F)
Path Group: I2R
Data required time: 968.0
    (Clock shift: 1000.0, minus Uncertainty: 0.0, plus Latency 0.0, minus Setup time: 32.0)
Data arrival time: 953.0
Slack: 15.0
Logic depth: 7
------------------------------------------------------------------------------------------------------------------------------------------------------------
                                                     Arrival               Arc      Net               Net    Total   fan-                                   
Path                     Module/Cell           Edge     Time    Delay    Delay    Delay     Slew     Load     Load    out     Location Power Domain      (V)
                                                        (ps)     (ps)     (ps)     (ps)     (ps)     (ff)     (ff)    (#)      (um,um)                      
------------------------------------------------------------------------------------------------------------------------------------------------------------
ST[0]                    {set_input_delay}        f    700.0    700.0    700.0                        4.9      9.3      1     0,   38                       
i_0_1_130/A3->ZN         NAND3_X4                fr    751.9     51.9     51.5      0.4    100.0      0.8      4.7      1    38,   38  /PD_TOP        (1.10)
i_0_1_129/A4->ZN         NAND4_X4                rf    788.7     36.8     36.8      0.0     12.4      1.5      9.4      2    38,   38  /PD_TOP        (1.10)
i_0_1_128/B2->ZN         AOI22_X4                fr    847.0     58.3     58.3      0.0     19.8      1.5      9.8      2    38,   38  /PD_TOP        (1.10)
i_0_1_114/A3->ZN         NAND3_X4                rf    889.0     42.0     42.0      0.0     31.4      0.6     26.1      1    38,   38  /PD_TOP        (1.10)
i_0_1_113/A->ZN          INV_X8                  fr    904.1     15.1     15.1      0.0     24.6      0.6      4.7      1    38,   38  /PD_TOP        (1.10)
i_0_1_112/B1->ZN         OAI21_X4*               rf    931.4     27.3     27.3      0.0      5.4      1.4     31.2      2    38,   38  /PD_TOP        (1.10)
i_0_1_111/A3->ZN         NAND3_X2                fr    953.0     21.6     21.6      0.0     15.3      0.7      1.9      1    38,   38  /PD_TOP        (1.10)
display_reg[1]/D         DFF_X1                   r    953.0      0.0               0.0     10.6                             38,   38  /PD_TOP        (1.10)
------------------------------------------------------------------------------------------------------------------------------------------------------------
Report for group I2O
Report for group R2O
------------------------------------------------------------------------------------------------------------------------------------------------------------
Startpoint: out_reg[5]/Q
    (Clocked by sysclk F)
Endpoint: fdoor
    (Clocked by vsysclk R)
Path Group: R2O
Data required time: 700.0
    (Clock shift: 1000.0, minus Uncertainty: 0.0, plus Latency 0.0, minus Out delay: 300.0)
Data arrival time: 115.1
Slack: 584.9
Logic depth: 0
------------------------------------------------------------------------------------------------------------------------------------------------------------
                                                     Arrival               Arc      Net               Net    Total   fan-                                   
Path                     Module/Cell           Edge     Time    Delay    Delay    Delay     Slew     Load     Load    out     Location Power Domain      (V)
                                                        (ps)     (ps)     (ps)     (ps)     (ps)     (ff)     (ff)    (#)      (um,um)                      
------------------------------------------------------------------------------------------------------------------------------------------------------------
Clk                      {create_clock}           f      0.0      0.0      0.0                        0.0      0.0      1    37,    0                       
i_0_0_0/A->ZN            INV_X1                  fr      0.0      0.0      0.0      0.0      0.0      0.0      0.0     13    38,   38  /PD_TOP        (1.10)
out_reg[5]/CK->Q         DFF_X1                  rr    114.7    114.7    114.7      0.0      0.0      5.0     15.0      1    38,   38  /PD_TOP        (1.10)
fdoor                                             r    115.1      0.4               0.4     37.1                             76,   38                       
------------------------------------------------------------------------------------------------------------------------------------------------------------
