Report End Points: 
-----+-------+------+-------+------+-----+-----+------+--------------+----------------
     |Group  |Launch|Capture|Shift |Delay|Depth|Slack |Begin Point   |End Point       
-----+-------+------+-------+------+-----+-----+------+--------------+----------------
1    |default|sysclk|sysclk |2000.0|191.7|    6|1627.2|State_reg[2]/Q|out_reg[4]/D    
2    |default|sysclk|sysclk |2000.0|187.7|    6|1632.4|State_reg[2]/Q|display_reg[1]/D
3    |default|sysclk|sysclk |2000.0|139.2|    4|1670.2|State_reg[2]/Q|State_reg[1]/D  
-----+-------+------+-------+------+-----+-----+------+--------------+----------------
Report End Points: 
-----+-----+--------------+-------+------+-----+-----+-----+-----------+----------------
     |Group|Launch        |Capture|Shift |Delay|Depth|Slack|Begin Point|End Point       
-----+-----+--------------+-------+------+-----+-----+-----+-----------+----------------
1    |I2R  |rtDefaultClock|sysclk |1000.0|226.7|    4| 32.8|ST[0]      |display_reg[2]/D
2    |I2R  |rtDefaultClock|sysclk |1000.0|226.7|    4| 32.8|ST[0]      |display_reg[1]/D
3    |I2R  |rtDefaultClock|sysclk |1000.0|225.2|    4| 34.8|ST[0]      |out_reg[0]/D    
-----+-----+--------------+-------+------+-----+-----+-----+-----------+----------------
Report End Points: 
-----+-----+------+-------+-----+-----+-----+-----+-----------+---------
     |Group|Launch|Capture|Shift|Delay|Depth|Slack|Begin Point|End Point
-----+-----+------+-------+-----+-----+-----+-----+-----------+---------
1    |I2O  |      |       |     |     |     |     |           |         
-----+-----+------+-------+-----+-----+-----+-----+-----------+---------
Report End Points: 
-----+-----+------+-------+------+-----+-----+-----+------------+---------
     |Group|Launch|Capture|Shift |Delay|Depth|Slack|Begin Point |End Point
-----+-----+------+-------+------+-----+-----+-----+------------+---------
1    |R2O  |sysclk|vsysclk|1000.0|  0.4|    0|548.2|out_reg[5]/Q|fdoor    
2    |R2O  |sysclk|vsysclk|1000.0|  0.4|    0|548.2|out_reg[4]/Q|rdoor    
3    |R2O  |sysclk|vsysclk|1000.0|  0.4|    0|548.2|out_reg[1]/Q|heater   
-----+-----+------+-------+------+-----+-----+-----+------------+---------
